≡ƒö¼ DEEP BACKEND API TEST

================================================================================

[TEST 1] Server Health Check
Γ£à Server responds to health check
   Status: 200

[TEST 2] Admin User Creation
Γ£à Admin user endpoint accessible
   Status: 200

[TEST 3] User Registration
   Registration failed, trying admin login...
Γ¥î Authentication
   Registration status: 200, Login status: 200
   Error: Could not obtain authentication token

Γ¥î Cannot proceed without authentication
