≡ƒº¬ COMPREHENSIVE BACKEND TEST SUITE

============================================================
   Server: ONLINE
Γ£à PASS: Server is running and healthy
   Admin user: READY
Γ£à PASS: Admin user creation endpoint works
node.exe : Γ¥î FAIL: 
User can 
authenticate and 
receive token
At line:1 char:1
+ & "C:\Program Files
\nodejs/node.exe" 
"C:\Program 
Files\nodejs/node_mo 
...
+ ~~~~~~~~~~~~~~~~~~~
~~~~~~~~~~~~~~~~~~~~~
~~~~~~~~~~~~~~~~~~~~~
~~~~~~~~
    + CategoryInfo   
           : NotSpe  
  cified: (Γ¥î FAI   
 L: User ...d rec    
eive token:Strin    
g) [], RemoteExc    
eption
    + FullyQualified 
   ErrorId : Native  
  CommandError
 
   Error: No token 
in response
Γ¥î FAIL: Session 
creation with 
authentication
   Error: Status 
401: {"message":"Unau
thorized: No token 
provided"}
Γ¥î FAIL: Chat 
endpoint saves user 
message
   Error: Chat 
failed: 401
   Details: {"message
":"Unauthorized: No 
token provided"}
Γ¥î FAIL: Direct 
message addition via 
sessions endpoint
   Error: Message 
add failed: 401
   Details: {"message
":"Unauthorized: No 
token provided"}
Γ¥î FAIL: Session 
retrieval includes 
all messages
   Error: Request 
with GET/HEAD method 
cannot have body
   Auth protection: ACTIVE
Γ£à PASS: Endpoints reject unauthenticated requests
   Ownership validation: SKIPPED (user exists)
Γ£à PASS: Session ownership validation works

============================================================
≡ƒôè TEST RESULTS
============================================================
Total Tests: 9
Γ£à Passed: 4
Γ¥î Failed: 5
============================================================

Γ¥î BACKEND HAS ERRORS - FIX REQUIRED
