client/src/components/DirectorView.tsx(22,7): error TS2739: Type '{ script: LucideIcon; storyboard: LucideIcon; techSpecs: LucideIcon; bRoll: LucideIcon; captions: LucideIcon; }' is missing the following properties from type 'Record<requiredKeys<baseObjectOutputType<{ script: ZodArray<ZodObject<{ lineNumber: ZodNumber; speaker: ZodOptional<ZodNullable<ZodString>>; text: ZodString; timing: ZodOptional<...>; notes: ZodOptional<...>; source: ZodOptional<...>; neurobiologyBeat: ZodOptional<...>; }, "strip", ZodTypeAny, { ...; }, { ...; }>, "...': cinematography, deploymentStrategy
client/src/components/DirectorView.tsx(30,7): error TS2739: Type '{ script: string; storyboard: string; techSpecs: string; bRoll: string; captions: string; }' is missing the following properties from type 'Record<requiredKeys<baseObjectOutputType<{ script: ZodArray<ZodObject<{ lineNumber: ZodNumber; speaker: ZodOptional<ZodNullable<ZodString>>; text: ZodString; timing: ZodOptional<...>; notes: ZodOptional<...>; source: ZodOptional<...>; neurobiologyBeat: ZodOptional<...>; }, "strip", ZodTypeAny, { ...; }, { ...; }>, "...': cinematography, deploymentStrategy
client/src/components/DirectorView.tsx(162,55): error TS2322: Type '{ duration: string; resolution: string; aspectRatio: string; frameRate: string; platforms?: string[] | undefined; audioFormat?: string | undefined; exportFormat?: string | undefined; } | ... 6 more ... | undefined' is not assignable to type '{ duration: string; resolution: string; aspectRatio: string; frameRate: string; platforms?: string[] | undefined; audioFormat?: string | undefined; exportFormat?: string | undefined; } | ... 4 more ... | undefined'.
  Type '{ techSpecs: { lighting: string[]; cameraVideo: string[]; audio: string[]; soundDesign: (string | undefined)[]; colorGrade: (string | undefined)[]; equipment: (string | undefined)[]; composition: (string | undefined)[]; platformOptimizations: string[]; exportSettings: string[]; }; storyboard: { ...; }[]; }' is not assignable to type '{ duration: string; resolution: string; aspectRatio: string; frameRate: string; platforms?: string[] | undefined; audioFormat?: string | undefined; exportFormat?: string | undefined; } | ... 4 more ... | undefined'.
client/src/lib/exports.ts(97,3): error TS18048: 'output.storyboard' is possibly 'undefined'.
client/src/lib/mockData.ts(114,9): error TS2741: Property 'visualDescription' is missing in type '{ frameNumber: number; shotType: string; description: string; visualNotes: string; duration: string; }' but required in type '{ frameNumber: number; shotType: string; visualDescription: string; duration?: string | undefined; timing?: string | undefined; notes?: string | undefined; cameraMovement?: string | undefined; audioVO?: string | undefined; transition?: string | undefined; description?: string | undefined; visualNotes?: string | unde...'.
client/src/lib/mockData.ts(121,9): error TS2741: Property 'visualDescription' is missing in type '{ frameNumber: number; shotType: string; description: string; visualNotes: string; duration: string; }' but required in type '{ frameNumber: number; shotType: string; visualDescription: string; duration?: string | undefined; timing?: string | undefined; notes?: string | undefined; cameraMovement?: string | undefined; audioVO?: string | undefined; transition?: string | undefined; description?: string | undefined; visualNotes?: string | unde...'.
server/middleware/auth-helpers.ts(133,40): error TS2769: No overload matches this call.
  Overload 1 of 4, '(value: string | number | Date): Date', gave the following error.
    Argument of type 'Timestamp' is not assignable to parameter of type 'string | number | Date'.
      Type 'Timestamp' is missing the following properties from type 'Date': toDateString, toTimeString, toLocaleDateString, toLocaleTimeString, and 37 more.
  Overload 2 of 4, '(value: string | number): Date', gave the following error.
    Argument of type 'Timestamp' is not assignable to parameter of type 'string | number'.
server/middleware/auth-helpers.ts(140,21): error TS2739: Type 'Date' is missing the following properties from type 'Timestamp': seconds, nanoseconds, toDate, toMillis, isEqual
server/middleware/auth.ts(2,10): error TS2614: Module '"../db"' has no exported member 'db'. Did you mean to use 'import db from "../db"' instead?
server/middleware/auth.ts(37,14): error TS2339: Property 'isAuthenticated' does not exist on type 'Request<ParamsDictionary, any, any, ParsedQs, Record<string, any>>'.
server/middleware/auth.ts(58,14): error TS2339: Property 'isAuthenticated' does not exist on type 'Request<ParamsDictionary, any, any, ParsedQs, Record<string, any>>'.
server/middleware/native-auth.ts(2,10): error TS2614: Module '"../db"' has no exported member 'db'. Did you mean to use 'import db from "../db"' instead?
server/middleware/native-auth.ts(7,30): error TS2339: Property 'session' does not exist on type 'Request<ParamsDictionary, any, any, ParsedQs, Record<string, any>>'.
server/replit_integrations/auth/replitAuth.ts(4,22): error TS2307: Cannot find module 'passport' or its corresponding type declarations.
server/replit_integrations/auth/replitAuth.ts(5,21): error TS2307: Cannot find module 'express-session' or its corresponding type declarations.
server/replit_integrations/auth/replitAuth.ts(8,23): error TS2307: Cannot find module 'connect-pg-simple' or its corresponding type declarations.
server/replit_integrations/auth/replitAuth.ts(102,47): error TS7006: Parameter 'cb' implicitly has an 'any' type.
server/replit_integrations/auth/replitAuth.ts(103,49): error TS7006: Parameter 'cb' implicitly has an 'any' type.
server/replit_integrations/auth/replitAuth.ts(122,9): error TS2339: Property 'logout' does not exist on type 'Request<{}, any, any, ParsedQs, Record<string, any>>'.
server/replit_integrations/auth/replitAuth.ts(136,12): error TS2339: Property 'isAuthenticated' does not exist on type 'Request<ParamsDictionary, any, any, ParsedQs, Record<string, any>>'.
server/replit_integrations/auth/storage.ts(2,10): error TS2614: Module '"../../db"' has no exported member 'db'. Did you mean to use 'import db from "../../db"' instead?
server/start.ts(11,5): error TS1378: Top-level 'await' expressions are only allowed when the 'module' option is set to 'es2022', 'esnext', 'system', 'node16', 'nodenext', or 'preserve', and the 'target' option is set to 'es2017' or higher.
server/storage.ts(494,9): error TS2322: Type 'string' is not assignable to type 'number'.
